====================================================
           COMPUTER PULSE - HARDWARE & NETWORK LOG   
====================================================
Timestamp          : 2026-09-22 19:17:37
Active Processes   : 234 running processes
CPU Utilization    : 2% load
----------------------------------------------------
Top 3 Memory-Consuming Processes:

Name               RAM_MB
----               ------
Memory Compression 498.04
mpv                434.52
AvastSvc           254.32


----------------------------------------------------
Disk Storage Breakdown:

DeviceID FreeGB TotalGB
-------- ------ -------
C:        14.37  178.13


----------------------------------------------------
Network Diagnostics:
Active IPv4 Address: 10.248.54.94
Internet Latency   : 136 ms (Target: 8.8.8.8)
====================================================
